// Jest Snapshot v1, https://goo.gl/fbAQLP

exports[`平滑化方法测试（useSmoothText） 初始固定文本，验证从头到尾平滑化: 正常流式平滑化直到结束 1`] = `
[
  "1",
  "1",
  "1",
  "12",
  "123",
  "123",
  "1234",
  "12345",
  "123456",
  "1234567",
  "1234567",
  "12345678",
  "12345678",
  "123456789",
  "1234567890",
  "12345678901",
  "123456789012",
  "1234567890123",
  "1234567890123",
  "12345678901234",
  "123456789012345",
  "1234567890123456",
  "12345678901234567",
  "12345678901234567",
  "123456789012345678",
  "1234567890123456789",
  "1234567890123456789",
  "12345678901234567890",
  "123456789012345678901",
  "1234567890123456789012",
  "12345678901234567890123",
  "123456789012345678901234",
  "123456789012345678901234",
  "1234567890123456789012345",
  "1234567890123456789012345",
  "12345678901234567890123456",
  "123456789012345678901234567",
  "123456789012345678901234567",
  "1234567890123456789012345678",
  "12345678901234567890123456789",
  "12345678901234567890123456789",
  "123456789012345678901234567890",
  "123456789012345678901234567890",
  "123456789012345678901234567890",
  "123456789012345678901234567890",
  "123456789012345678901234567890",
  "123456789012345678901234567890",
  "123456789012345678901234567890",
  "123456789012345678901234567890",
  "123456789012345678901234567890",
  "123456789012345678901234567890",
]
`;

exports[`平滑化方法测试（useSmoothText） 在启用平滑化的同时调用 flushCursor，验证初始从改位置开始: 直接从初始文本末尾作为开始进行流式 1`] = `
[
  "123456789012345678901234567890",
  "123456789012345678901234567890",
  "123456789012345678901234567890",
  "1234567890123456789012345678901",
  "12345678901234567890123456789012",
  "12345678901234567890123456789012",
  "123456789012345678901234567890123",
  "1234567890123456789012345678901234",
  "12345678901234567890123456789012345",
  "123456789012345678901234567890123456",
  "123456789012345678901234567890123456",
  "1234567890123456789012345678901234567",
  "1234567890123456789012345678901234567",
  "12345678901234567890123456789012345678",
  "123456789012345678901234567890123456789",
  "1234567890123456789012345678901234567890",
  "12345678901234567890123456789012345678901",
  "123456789012345678901234567890123456789012",
  "1234567890123456789012345678901234567890123",
  "1234567890123456789012345678901234567890123",
  "12345678901234567890123456789012345678901234",
  "123456789012345678901234567890123456789012345",
  "1234567890123456789012345678901234567890123456",
  "1234567890123456789012345678901234567890123456",
  "12345678901234567890123456789012345678901234567",
  "123456789012345678901234567890123456789012345678",
  "1234567890123456789012345678901234567890123456789",
  "12345678901234567890123456789012345678901234567890",
  "123456789012345678901234567890123456789012345678901",
  "1234567890123456789012345678901234567890123456789012",
  "1234567890123456789012345678901234567890123456789012",
]
`;

exports[`平滑化方法测试（useSmoothText） 调用 flushCursor，验证光标直接调整到末尾: 第十次后光标调整到末尾 1`] = `
[
  "1",
  "1",
  "1",
  "12",
  "123",
  "123",
  "1234",
  "12345",
  "123456",
  "1234567",
  "1234567",
  "123456789012345678901234567890",
  "123456789012345678901234567890",
  "123456789012345678901234567890",
  "123456789012345678901234567890",
  "123456789012345678901234567890",
  "123456789012345678901234567890",
  "123456789012345678901234567890",
  "123456789012345678901234567890",
  "123456789012345678901234567890",
  "123456789012345678901234567890",
  "123456789012345678901234567890",
]
`;
